﻿
> noxmovies-client@0.0.1 build
> vite build

[36mvite v5.4.21 [32mbuilding for production...[36m[39m
transforming...
[32mΓ£ô[39m 4 modules transformed.
node.exe : [31mx[39m Build 
failed in 626ms
At line:1 char:1
+ & "D:\Program 
Files\nodejs/node.exe" 
"D:\Program 
Files\nodejs/node_mo ...
+ ~~~~~~~~~~~~~~~~~~~~~~~~~~~
~~~~~~~~~~~~~~~~~~~~~~~~~~~~~
~~~~~~~~~~~~~
    + CategoryInfo           
   : NotSpecified: ([31mx  
  [39m Build failed in 626   
 ms:String) [], RemoteExc    
eption
    + FullyQualifiedErrorId  
   : NativeCommandError
 
[31merror during build:
[31m[vite:css] [postcss] D:/
Projects/Noxmovies/client/src
/index.css:14:9: Unknown 
word HEAD[31m
file: [36mD:/Projects/Noxmov
ies/client/src/index.css:14:8
[31m
    at Input.error (D:\Projec
ts\Noxmovies\client\node_modu
les\postcss\lib\input.js:135:
16)
    at Parser.unknownWord (D:
\Projects\Noxmovies\client\no
de_modules\postcss\lib\parser
.js:595:22)
    at Parser.decl (D:\Projec
ts\Noxmovies\client\node_modu
les\postcss\lib\parser.js:236
:16)
    at Parser.other (D:\Proje
cts\Noxmovies\client\node_mod
ules\postcss\lib\parser.js:40
1:18)
    at Parser.parse (D:\Proje
cts\Noxmovies\client\node_mod
ules\postcss\lib\parser.js:47
2:16)
    at parse (D:\Projects\Nox
movies\client\node_modules\po
stcss\lib\parse.js:11:12)
    at new LazyResult (D:\Pro
jects\Noxmovies\client\node_m
odules\postcss\lib\lazy-resul
t.js:165:16)
    at Processor.process (D:\
Projects\Noxmovies\client\nod
e_modules\postcss\lib\process
or.js:53:14)
    at compileCSS (file:///D:
/Projects/Noxmovies/client/no
de_modules/vite/dist/node/chu
nks/dep-BK3b2jBa.js:36898:59)
    at async 
Object.transform (file:///D:/
Projects/Noxmovies/client/nod
e_modules/vite/dist/node/chun
ks/dep-BK3b2jBa.js:36171:11)
[39m
